// Jest Snapshot v1, https://goo.gl/fbAQLP

exports[`SearchPage component matches its snapshot 1`] = `
<Fragment>
  <form
    onSubmit={[Function]}
  >
    <p>
      Search for Artists
    </p>
    <input
      onChange={[Function]}
      type="text"
      value=""
    />
    <button>
      Search
    </button>
  </form>
  <Artists
    artists={Array []}
  />
</Fragment>
`;
